Archive member included to satisfy reference by file (symbol)

arch/arm/lib/lib.a(ashldi3.o)
                              drivers/mmc/built-in.o (__aeabi_llsl)
arch/arm/lib/lib.a(lib1funcs.o)
                              arch/arm/mach-zynq/built-in.o (__aeabi_uidiv)
arch/arm/lib/lib.a(lshrdi3.o)
                              fs/built-in.o (__aeabi_llsr)
arch/arm/lib/lib.a(div0.o)    arch/arm/lib/lib.a(lib1funcs.o) (__div0)

Discarded input sections

 .data          0x0000000000000000        0x0 arch/arm/cpu/armv7/start.o
 .bss           0x0000000000000000        0x0 arch/arm/cpu/armv7/start.o
 .text.v7_arch_cp15_set_l2aux_ctrl
                0x0000000000000000        0x8 arch/arm/cpu/armv7/built-in.o
 .text.v7_arch_cp15_set_acr
                0x0000000000000000        0x8 arch/arm/cpu/armv7/built-in.o
 .text.sdelay   0x0000000000000000        0xc arch/arm/cpu/armv7/built-in.o
 .text.wait_on_value
                0x0000000000000000       0x34 arch/arm/cpu/armv7/built-in.o
 .data          0x0000000000000000        0x0 arch/arm/cpu/armv7/built-in.o
 .bss           0x0000000000000000        0x0 arch/arm/cpu/armv7/built-in.o
 .text.setup_board_tags
                0x0000000000000000        0x4 arch/arm/lib/built-in.o
 .text.enable_caches
                0x0000000000000000        0xc arch/arm/lib/built-in.o
 .text.invalidate_dcache_range
                0x0000000000000000        0x4 arch/arm/lib/built-in.o
 .text.flush_dcache_range
                0x0000000000000000        0x4 arch/arm/lib/built-in.o
 .text.flush_dcache_all
                0x0000000000000000        0xc arch/arm/lib/built-in.o
 .text.arm_init_before_mmu
                0x0000000000000000        0x4 arch/arm/lib/built-in.o
 .text.mmu_page_table_flush
                0x0000000000000000        0x4 arch/arm/lib/built-in.o
 .data          0x0000000000000000        0x0 arch/arm/lib/built-in.o
 .__secure_end  0x0000000000000000        0x0 arch/arm/lib/built-in.o
 .__secure_start
                0x0000000000000000        0x0 arch/arm/lib/built-in.o
 .bss           0x0000000000000000        0x0 arch/arm/lib/built-in.o
 .text.zynq_get_silicon_version
                0x0000000000000000       0x14 arch/arm/mach-zynq/built-in.o
 .text.zynq_clk_get_rate
                0x0000000000000000       0x20 arch/arm/mach-zynq/built-in.o
 .text.zynq_clk_get_name
                0x0000000000000000       0x18 arch/arm/mach-zynq/built-in.o
 .data          0x0000000000000000        0x0 arch/arm/mach-zynq/built-in.o
 .bss           0x0000000000000000        0x0 arch/arm/mach-zynq/built-in.o
 .text          0x0000000000000000        0x0 board/xilinx/zynq/built-in.o
 .data          0x0000000000000000        0x0 board/xilinx/zynq/built-in.o
 .bss           0x0000000000000000        0x0 board/xilinx/zynq/built-in.o
 .text          0x0000000000000000        0x0 cmd/built-in.o
 .text.bootz_setup
                0x0000000000000000       0x18 cmd/built-in.o
 .text.invalidate_icache_all
                0x0000000000000000        0xc cmd/built-in.o
 .text.flush_dcache_all
                0x0000000000000000        0xc cmd/built-in.o
 .text.soc_clk_dump
                0x0000000000000000       0x18 cmd/built-in.o
 .text.name_to_gpio
                0x0000000000000000        0xc cmd/built-in.o
 .data          0x0000000000000000        0x0 cmd/built-in.o
 .bss           0x0000000000000000        0x0 cmd/built-in.o
 .text          0x0000000000000000        0x0 common/built-in.o
 .text.hash_parse_string
                0x0000000000000000       0x68 common/built-in.o
 .text.hash_block
                0x0000000000000000       0x6c common/built-in.o
 .text.unset_local_var
                0x0000000000000000       0xa0 common/built-in.o
 .text.arch_cpu_init
                0x0000000000000000        0x8 common/built-in.o
 .text.red_led_off
                0x0000000000000000        0x4 common/built-in.o
 .text.green_led_on
                0x0000000000000000        0x4 common/built-in.o
 .text.green_led_off
                0x0000000000000000        0x4 common/built-in.o
 .text.yellow_led_on
                0x0000000000000000        0x4 common/built-in.o
 .text.yellow_led_off
                0x0000000000000000        0x4 common/built-in.o
 .text.blue_led_on
                0x0000000000000000        0x4 common/built-in.o
 .text.blue_led_off
                0x0000000000000000        0x4 common/built-in.o
 .text.dram_init_banksize
                0x0000000000000000        0x4 common/built-in.o
 .text.arch_reserve_stacks
                0x0000000000000000        0x8 common/built-in.o
 .text.board_flash_wp_on
                0x0000000000000000        0x8 common/built-in.o
 .text.fixup_cpu
                0x0000000000000000        0x8 common/built-in.o
 .text.checkboard
                0x0000000000000000        0x8 common/built-in.o
 .text.env_flags_parse_varaccess_from_binflags
                0x0000000000000000       0x54 common/built-in.o
 .text.fdt_read_prop
[...]
Memory Configuration

Name             Origin             Length             Attributes
*default*        0x0000000000000000 0xffffffffffffffff

Linker script and memory map

Address of section .text set to 0x4000000
                0x0000000000000000                . = 0x0
                0x0000000000000000                . = ALIGN (0x4)

.text           0x0000000004000000    0x4dda0
 *(.__image_copy_start)
 .__image_copy_start
                0x0000000004000000        0x0 arch/arm/lib/built-in.o
                0x0000000004000000                __image_copy_start
 *(.vectors)
 .vectors       0x0000000004000000      0x2e8 arch/arm/lib/built-in.o
                0x0000000004000000                _start
                0x0000000004000020                _undefined_instruction
                0x0000000004000024                _software_interrupt
                0x0000000004000028                _prefetch_abort
                0x000000000400002c                _data_abort
                0x0000000004000030                _not_used
                0x0000000004000034                _irq
                0x0000000004000038                _fiq
                0x0000000004000040                IRQ_STACK_START_IN
 arch/arm/cpu/armv7/start.o(.text*)
 .text          0x00000000040002e8       0xb0 arch/arm/cpu/armv7/start.o
                0x00000000040002e8                reset
                0x00000000040002ec                save_boot_params_ret
                0x0000000004000328                c_runtime_cpu_setup
                0x0000000004000338                save_boot_params
                0x000000000400033c                cpu_init_cp15
                0x0000000004000390                cpu_init_crit
 *(.text*)
 .text          0x0000000004000398      0x148 arch/arm/cpu/armv7/built-in.o
                0x0000000004000398                __v7_flush_dcache_all
                0x000000000400042c                v7_flush_dcache_all
                0x000000000400043c                __v7_invalidate_dcache_all
                0x00000000040004d0                v7_invalidate_dcache_all
 .text.invalidate_icache_all
                0x00000000040004e0       0x18 arch/arm/cpu/armv7/built-in.o
                0x00000000040004e0                invalidate_icache_all
 .text.v7_outer_cache_enable
                0x00000000040004f8        0x4 arch/arm/cpu/armv7/built-in.o
                0x00000000040004f8                v7_outer_cache_enable
 .text.v7_outer_cache_disable
                0x00000000040004fc        0x4 arch/arm/cpu/armv7/built-in.o
                0x00000000040004fc                v7_outer_cache_disable
 .text.v7_outer_cache_flush_all
                0x0000000004000500        0x4 arch/arm/cpu/armv7/built-in.o
                0x0000000004000500                v7_outer_cache_flush_all
 .text.flush_dcache_all
                0x0000000004000504       0x10 arch/arm/cpu/armv7/built-in.o
                0x0000000004000504                flush_dcache_all
 .text.v7_outer_cache_inval_all
                0x0000000004000514        0x4 arch/arm/cpu/armv7/built-in.o
                0x0000000004000514                v7_outer_cache_inval_all
 .text.invalidate_dcache_all
                0x0000000004000518       0x10 arch/arm/cpu/armv7/built-in.o
                0x0000000004000518                invalidate_dcache_all
 .text.arm_init_before_mmu
                0x0000000004000528       0x28 arch/arm/cpu/armv7/built-in.o
                0x0000000004000528                arm_init_before_mmu
 .text.v7_outer_cache_flush_range
                0x0000000004000550        0x4 arch/arm/cpu/armv7/built-in.o
                0x0000000004000550                v7_outer_cache_flush_range
 .text.flush_dcache_range
                0x0000000004000554       0x38 arch/arm/cpu/armv7/built-in.o
                0x0000000004000554                flush_dcache_range
 .text.mmu_page_table_flush
                0x000000000400058c       0x24 arch/arm/cpu/armv7/built-in.o
                0x000000000400058c                mmu_page_table_flush
 .text.v7_outer_cache_inval_range
                0x00000000040005b0        0x4 arch/arm/cpu/armv7/built-in.o
                0x00000000040005b0                v7_outer_cache_inval_range
 .text.invalidate_dcache_range
                0x00000000040005b4       0xa8 arch/arm/cpu/armv7/built-in.o
                0x00000000040005b4                invalidate_dcache_range
 .text.cpu_cache_initialization
                0x000000000400065c        0x4 arch/arm/cpu/armv7/built-in.o
                0x000000000400065c                cpu_cache_initialization
 .text.cleanup_before_linux_select
                0x0000000004000660       0x4c arch/arm/cpu/armv7/built-in.o
                0x0000000004000660                cleanup_before_linux_select
 .text.cleanup_before_linux
                0x00000000040006ac        0x8 arch/arm/cpu/armv7/built-in.o
                0x00000000040006ac                cleanup_before_linux
 .text          0x00000000040006b4       0x90 arch/arm/lib/built-in.o
                0x00000000040006b4                _main
 .text.relocate_vectors
                0x0000000004000744       0x70 arch/arm/lib/built-in.o
                0x0000000004000744                relocate_vectors
                0x0000000004000750                relocate_code
 .text.arch_fixup_fdt
                0x00000000040007b4       0x38 arch/arm/lib/built-in.o
                0x00000000040007b4                arch_fixup_fdt
 .text.boot_jump_linux
                0x00000000040007ec       0xc4 arch/arm/lib/built-in.o
 .text.boot_prep_linux
                0x00000000040008b0       0x4c arch/arm/lib/built-in.o
 .text.arch_lmb_reserve
                0x00000000040008fc       0x24 arch/arm/lib/built-in.o
                0x00000000040008fc                arch_lmb_reserve
 .text.do_bootm_linux
                0x0000000004000920       0x64 arch/arm/lib/built-in.o
                0x0000000004000920                do_bootm_linux
 .text.bootz_setup
                0x0000000004000984       0x58 arch/arm/lib/built-in.o
                0x0000000004000984                bootz_setup
 .text.boot_prep_vxworks
                0x00000000040009dc       0x50 arch/arm/lib/built-in.o
                0x00000000040009dc                boot_prep_vxworks
 .text.boot_jump_vxworks
                0x0000000004000a2c        0xc arch/arm/lib/built-in.o
                0x0000000004000a2c                boot_jump_vxworks
 .text.arch_reserve_stacks
                0x0000000004000a38       0x1c arch/arm/lib/built-in.o
                0x0000000004000a38                arch_reserve_stacks
 .text.interrupt_init
                0x0000000004000a54       0x1c arch/arm/lib/built-in.o
                0x0000000004000a54                interrupt_init
 .text.enable_interrupts
                0x0000000004000a70        0x4 arch/arm/lib/built-in.o
                0x0000000004000a70                enable_interrupts
 .text.disable_interrupts
                0x0000000004000a74        0x8 arch/arm/lib/built-in.o
                0x0000000004000a74                disable_interrupts
 .text.bad_mode
                0x0000000004000a7c       0x10 arch/arm/lib/built-in.o
                0x0000000004000a7c                bad_mode
 .text.show_regs
                0x0000000004000a8c      0x174 arch/arm/lib/built-in.o
                0x0000000004000a8c                show_regs
 .text.do_undefined_instruction
                0x0000000004000c00       0x24 arch/arm/lib/built-in.o
                0x0000000004000c00                do_undefined_instruction
 .text.do_software_interrupt
                0x0000000004000c24       0x24 arch/arm/lib/built-in.o
                0x0000000004000c24                do_software_interrupt
 .text.do_prefetch_abort
                0x0000000004000c48       0x24 arch/arm/lib/built-in.o
                0x0000000004000c48                do_prefetch_abort
 .text.do_data_abort
                0x0000000004000c6c       0x24 arch/arm/lib/built-in.o
                0x0000000004000c6c                do_data_abort
 .text.do_not_used
                0x0000000004000c90       0x24 arch/arm/lib/built-in.o
                0x0000000004000c90                do_not_used
 .text.do_fiq   0x0000000004000cb4       0x24 arch/arm/lib/built-in.o
                0x0000000004000cb4                do_fiq
 .text.do_irq   0x0000000004000cd8       0x24 arch/arm/lib/built-in.o
                0x0000000004000cd8                do_irq
 .text.reset_misc
                0x0000000004000cfc        0x4 arch/arm/lib/built-in.o
                0x0000000004000cfc                reset_misc
 .text.do_reset
                0x0000000004000d00       0x30 arch/arm/lib/built-in.o
                0x0000000004000d00                do_reset
 .text.flush_cache
                0x0000000004000d30        0x8 arch/arm/lib/built-in.o
                0x0000000004000d30                flush_cache
 .text.cp_delay
                0x0000000004000d38       0x30 arch/arm/lib/built-in.o
 .text.arm_init_domains
                0x0000000004000d68        0x4 arch/arm/lib/built-in.o
                0x0000000004000d68                arm_init_domains
 .text.set_section_dcache
                0x0000000004000d6c       0x14 arch/arm/lib/built-in.o
                0x0000000004000d6c                set_section_dcache
 .text.mmu_set_region_dcache_behaviour
                0x0000000004000d80       0x4c arch/arm/lib/built-in.o
                0x0000000004000d80                mmu_set_region_dcache_behaviour
 .text.dram_bank_mmu_setup
                0x0000000004000dcc       0x44 arch/arm/lib/built-in.o
                0x0000000004000dcc                dram_bank_mmu_setup
 .text.icache_enable
                0x0000000004000e10       0x18 arch/arm/lib/built-in.o
                0x0000000004000e10                icache_enable
 .text.icache_disable
                0x0000000004000e28       0x20 arch/arm/lib/built-in.o
                0x0000000004000e28                icache_disable
 .text.icache_status
                0x0000000004000e48        0xc arch/arm/lib/built-in.o
                0x0000000004000e48                icache_status
 .text.dcache_enable
                0x0000000004000e54       0x7c arch/arm/lib/built-in.o
                0x0000000004000e54                dcache_enable
 .text.dcache_disable
                0x0000000004000ed0       0x2c arch/arm/lib/built-in.o
                0x0000000004000ed0                dcache_disable
 .text.dcache_status
                0x0000000004000efc        0xc arch/arm/lib/built-in.o
                0x0000000004000efc                dcache_status
 .text          0x0000000004000f08       0x24 arch/arm/mach-zynq/built-in.o
                0x0000000004000f08                lowlevel_init
 .text.timer_init
                0x0000000004000f2c       0x68 arch/arm/mach-zynq/built-in.o
                0x0000000004000f2c                timer_init
 .text.get_tbclk
                0x0000000004000f94        0x8 arch/arm/mach-zynq/built-in.o
                0x0000000004000f94                get_tbclk
 .text.arch_cpu_init
                0x0000000004000f9c       0x60 arch/arm/mach-zynq/built-in.o
                0x0000000004000f9c                arch_cpu_init
 .text.reset_cpu
                0x0000000004000ffc        0xc arch/arm/mach-zynq/built-in.o
                0x0000000004000ffc                reset_cpu
 .text.enable_caches
                0x0000000004001008        0x4 arch/arm/mach-zynq/built-in.o
                0x0000000004001008                enable_caches
 .text.zynq_ddrc_init
                0x000000000400100c       0x54 arch/arm/mach-zynq/built-in.o
                0x000000000400100c                zynq_ddrc_init
 .text.zynq_slcr_lock
                0x0000000004001060       0x2c arch/arm/mach-zynq/built-in.o
                0x0000000004001060                zynq_slcr_lock
 .text.zynq_slcr_unlock
                0x000000000400108c       0x2c arch/arm/mach-zynq/built-in.o
                0x000000000400108c                zynq_slcr_unlock
 .text.zynq_slcr_cpu_reset
                0x00000000040010b8       0x24 arch/arm/mach-zynq/built-in.o
                0x00000000040010b8                zynq_slcr_cpu_reset
 .text.zynq_slcr_gem_clk_setup
                0x00000000040010dc       0x68 arch/arm/mach-zynq/built-in.o
                0x00000000040010dc                zynq_slcr_gem_clk_setup
 .text.zynq_slcr_devcfg_disable
                0x0000000004001144       0x30 arch/arm/mach-zynq/built-in.o
                0x0000000004001144                zynq_slcr_devcfg_disable
 .text.zynq_slcr_devcfg_enable
                0x0000000004001174       0x24 arch/arm/mach-zynq/built-in.o
                0x0000000004001174                zynq_slcr_devcfg_enable
 .text.zynq_slcr_get_boot_mode
                0x0000000004001198        0xc arch/arm/mach-zynq/built-in.o
                0x0000000004001198                zynq_slcr_get_boot_mode
 .text.zynq_slcr_get_idcode
                0x00000000040011a4       0x10 arch/arm/mach-zynq/built-in.o
                0x00000000040011a4                zynq_slcr_get_idcode
 .text.zynq_slcr_get_mio_pin_status
                0x00000000040011b4       0x90 arch/arm/mach-zynq/built-in.o
                0x00000000040011b4                zynq_slcr_get_mio_pin_status
 .text.ddr2x_get_rate
                0x0000000004001244       0x3c arch/arm/mach-zynq/built-in.o
 .text.ddr3x_get_rate
                0x0000000004001280       0x3c arch/arm/mach-zynq/built-in.o
 .text.zynq_clk_periph_get_rate
                0x00000000040012bc       0x7c arch/arm/mach-zynq/built-in.o
 .text.__zynq_clk_pll_get_rate
                0x0000000004001338       0x20 arch/arm/mach-zynq/built-in.o
 .text.zynq_clk_pll_get_rate
                0x0000000004001358        0x8 arch/arm/mach-zynq/built-in.o
 .text.zynq_clk_periph_set_rate
                0x0000000004001360      0x11c arch/arm/mach-zynq/built-in.o
 .text.zynq_clk_register_periph_clk
                0x000000000400147c       0x5c arch/arm/mach-zynq/built-in.o
 .text.zynq_clk_early_init
                0x00000000040014d8       0x58 arch/arm/mach-zynq/built-in.o
                0x00000000040014d8                zynq_clk_early_init
 .text.get_uart_clk
                0x0000000004001530       0x50 arch/arm/mach-zynq/built-in.o
                0x0000000004001530                get_uart_clk
 .text.set_cpu_clk_info
                0x0000000004001580      0x604 arch/arm/mach-zynq/built-in.o
                0x0000000004001580                set_cpu_clk_info
 .text.zynq_clk_set_rate
                0x0000000004001b84       0x38 arch/arm/mach-zynq/built-in.o
                0x0000000004001b84                zynq_clk_set_rate
 .text.soc_clk_dump
                0x0000000004001bbc       0x54 arch/arm/mach-zynq/built-in.o
                0x0000000004001bbc                soc_clk_dump
 .text.board_init
                0x0000000004001c10      0x14c board/xilinx/zynq/built-in.o
                0x0000000004001c10                board_init
 .text.board_late_init
                0x0000000004001d5c       0x88 board/xilinx/zynq/built-in.o
                0x0000000004001d5c                board_late_init
 .text.checkboard
                0x0000000004001de4       0x18 board/xilinx/zynq/built-in.o
                0x0000000004001de4                checkboard
 .text.zynq_board_read_rom_ethaddr
                0x0000000004001dfc        0x8 board/xilinx/zynq/built-in.o
                0x0000000004001dfc                zynq_board_read_rom_ethaddr
 .text.dram_init_banksize
                0x0000000004001e04       0x18 board/xilinx/zynq/built-in.o
                0x0000000004001e04                dram_init_banksize
 .text.dram_init
                0x0000000004001e1c      0x1d4 board/xilinx/zynq/built-in.o
                0x0000000004001e1c                dram_init
 .text.do_go_exec
                0x0000000004001ff0       0x10 cmd/built-in.o
                0x0000000004001ff0                do_go_exec
 .text.do_go    0x0000000004002000       0x6c cmd/built-in.o
 .text.do_bootm
                0x000000000400206c      0x10c cmd/built-in.o
                0x000000000400206c                do_bootm
 .text.do_bootd
                0x0000000004002178       0x20 cmd/built-in.o
                0x0000000004002178                do_bootd
 .text.image_info
                0x0000000004002198      0x124 cmd/built-in.o
 .text.do_iminfo
                0x00000000040022bc       0x5c cmd/built-in.o
 .text.bootm_maybe_autostart
                0x0000000004002318       0x78 cmd/built-in.o
                0x0000000004002318                bootm_maybe_autostart
 .text.do_bootz
                0x0000000004002390       0xf8 cmd/built-in.o
                0x0000000004002390                do_bootz
 .text.do_help  0x0000000004002488       0x44 cmd/built-in.o
 .text.do_version
                0x00000000040024cc       0x38 cmd/built-in.o
 .text.source   0x0000000004002504      0x1c4 cmd/built-in.o
                0x0000000004002504                source
 .text.do_source
                0x00000000040026c8       0x70 cmd/built-in.o
 .text.print_num
                0x0000000004002738       0x14 cmd/built-in.o
 .text.do_bdinfo
                0x000000000400274c       0xfc cmd/built-in.o
 .text.bootefi_open_dp
                0x0000000004002848       0x14 cmd/built-in.o
 .text.do_bootefi_exec
                0x000000000400285c      0x288 cmd/built-in.o
 .text.do_bootefi
                0x0000000004002ae4       0x8c cmd/built-in.o
 .text.efi_set_bootdev
                0x0000000004002b70       0xcc cmd/built-in.o
                0x0000000004002b70                efi_set_bootdev
 .text.parse_argv
                0x0000000004002c3c       0x64 cmd/built-in.o
 .text.do_icache
                0x0000000004002ca0       0x88 cmd/built-in.o
 .text.do_dcache
                0x0000000004002d28       0x88 cmd/built-in.o
 .text.do_clk   0x0000000004002db0       0x68 cmd/built-in.o
 .text.do_clk_dump
                0x0000000004002e18        0x4 cmd/built-in.o
 .text.do_coninfo
                0x0000000004002e1c       0xb0 cmd/built-in.o
 .text.do_echo  0x0000000004002ecc       0xb4 cmd/built-in.o
 .text.load_elf_image_shdr
                0x0000000004002f80       0x8c cmd/built-in.o
 .text.valid_elf_image
                0x000000000400300c       0x4c cmd/built-in.o
                0x000000000400300c                valid_elf_image
 .text.do_bootelf
                0x0000000004003058      0x1b0 cmd/built-in.o
                0x0000000004003058                do_bootelf
 .text.do_bootvx
                0x0000000004003208      0x330 cmd/built-in.o
                0x0000000004003208                do_bootvx
 .text.do_exit  0x0000000004003538       0x48 cmd/built-in.o
 .text.do_ext4_size
                0x0000000004003580       0x18 cmd/built-in.o
                0x0000000004003580                do_ext4_size
 .text.do_ext4_load
                0x0000000004003598       0x18 cmd/built-in.o
                0x0000000004003598                do_ext4_load
 .text.do_ext4_ls
                0x00000000040035b0       0x18 cmd/built-in.o
                0x00000000040035b0                do_ext4_ls
 .text.do_ext4_write
                0x00000000040035c8       0x18 cmd/built-in.o
                0x00000000040035c8                do_ext4_write
 .text.do_ext2load
                0x00000000040035e0       0x18 cmd/built-in.o
                0x00000000040035e0                do_ext2load
 .text.do_ext2ls
                0x00000000040035f8       0x18 cmd/built-in.o
 .text.do_fat_size
                0x0000000004003610       0x18 cmd/built-in.o
                0x0000000004003610                do_fat_size
 .text.do_fat_fsload
                0x0000000004003628       0x18 cmd/built-in.o
                0x0000000004003628                do_fat_fsload
 .text.do_fat_ls
                0x0000000004003640       0x18 cmd/built-in.o
 .text.do_fat_fsinfo
                0x0000000004003658       0x90 cmd/built-in.o
 .text.do_fat_fswrite
                0x00000000040036e8      0x10c cmd/built-in.o
 .text.fdt_valid
                0x00000000040037f4       0xbc cmd/built-in.o
 .text.is_printable_string
                0x00000000040038b0       0xa8 cmd/built-in.o
 .text.print_data
                0x0000000004003958      0x178 cmd/built-in.o
 .text.set_working_fdt_addr
                0x0000000004003ad0       0x1c cmd/built-in.o
                0x0000000004003ad0                set_working_fdt_addr
 .text.do_fdt   0x0000000004003aec      0xf40 cmd/built-in.o
 .text.do_fpga  0x0000000004004a2c      0x524 cmd/built-in.o
                0x0000000004004a2c                do_fpga
 .text.do_size_wrapper
                0x0000000004004f50       0x18 cmd/built-in.o
 .text.do_load_wrapper
                0x0000000004004f68       0x64 cmd/built-in.o
 .text.do_save_wrapper
                0x0000000004004fcc       0x18 cmd/built-in.o
 .text.do_ls_wrapper
                0x0000000004004fe4       0x18 cmd/built-in.o
 .text.do_fstype_wrapper
                0x0000000004004ffc        0x4 cmd/built-in.o
 .text.gpio_get_description
                0x0000000004005000       0xc8 cmd/built-in.o
 .text.do_gpio  0x00000000040050c8      0x36c cmd/built-in.o
 .text.evalexp  0x0000000004005434       0x78 cmd/built-in.o
 .text.evalstr  0x00000000040054ac       0x6c cmd/built-in.o
 .text.binary_test
                0x0000000004005518      0x1c0 cmd/built-in.o
 .text.do_itest
                0x00000000040056d8       0x88 cmd/built-in.o
 .text.bin_data_init
                0x0000000004005760       0x2c cmd/built-in.o
 .text.k_data_save
                0x000000000400578c       0x4c cmd/built-in.o
 .text.k_data_restore
                0x00000000040057d8       0x4c cmd/built-in.o
 .text.getcxmodem
                0x0000000004005824       0x20 cmd/built-in.o
 .text.load_serial_ymodem
                0x0000000004005844       0xcc cmd/built-in.o
 .text.bin_data_char
                0x0000000004005910       0x2c cmd/built-in.o
 .text.chk1.constprop.1
                0x000000000400593c       0x2c cmd/built-in.o
 .text.s1_sendpacket.constprop.2
                0x0000000004005968       0x50 cmd/built-in.o
 .text.load_serial
                0x00000000040059b8      0x1f0 cmd/built-in.o
 .text.do_load_serial
                0x0000000004005ba8       0xdc cmd/built-in.o
 .text.do_load_serial_bin
                0x0000000004005c84      0x798 cmd/built-in.o
 .text.do_mem_mw
                0x000000000400641c       0xc0 cmd/built-in.o
 .text.do_mem_loop
                0x00000000040064dc       0xec cmd/built-in.o
 .text.do_mem_md
                0x00000000040065c8       0xe4 cmd/built-in.o
 .text.do_mem_cmp
                0x00000000040066ac      0x168 cmd/built-in.o
 .text.do_mem_base
                0x0000000004006814       0x40 cmd/built-in.o
 .text.do_mem_cp
                0x0000000004006854       0xd8 cmd/built-in.o
 .text.do_mem_crc
                0x000000000400692c       0x48 cmd/built-in.o
 .text.mod_mem.isra.0
                0x0000000004006974      0x174 cmd/built-in.o
 .text.do_mem_mm
                0x0000000004006ae8        0x8 cmd/built-in.o
 .text.do_mem_nm
                0x0000000004006af0        0x8 cmd/built-in.o
 .text.extract_range
                0x0000000004006af8       0xe4 cmd/built-in.o
 .text.do_mii   0x0000000004006bdc      0x904 cmd/built-in.o
 .text.do_mdio  0x00000000040074e0      0x4ec cmd/built-in.o
 .text.do_sleep
                0x00000000040079cc       0x70 cmd/built-in.o
 .text.do_mmcops
                0x0000000004007a3c       0xb8 cmd/built-in.o
 .text.init_mmc_device
                0x0000000004007af4       0x54 cmd/built-in.o
 .text.do_mmc_rescan
                0x0000000004007b48       0x24 cmd/built-in.o
 .text.do_mmc_hwpartition
                0x0000000004007b6c      0x518 cmd/built-in.o
 .text.do_mmc_list
                0x0000000004008084       0x14 cmd/built-in.o
 .text.do_mmc_dev
                0x0000000004008098      0x140 cmd/built-in.o
 .text.do_mmc_part
                0x00000000040081d8       0x60 cmd/built-in.o
 .text.do_mmc_erase
                0x0000000004008238       0xec cmd/built-in.o
 .text.do_mmc_write
                0x0000000004008324      0x104 cmd/built-in.o
 .text.do_mmc_read
                0x0000000004008428       0xf0 cmd/built-in.o
 .text.do_mmcinfo
                0x0000000004008518      0x374 cmd/built-in.o
 .text.do_mmc_setdsr
                0x000000000400888c       0xb0 cmd/built-in.o
 .text.netboot_common
                0x000000000400893c      0x2f4 cmd/built-in.o
 .text.do_bootp
                0x0000000004008c30        0xc cmd/built-in.o
 .text.do_tftpput
                0x0000000004008c3c        0xc cmd/built-in.o
                0x0000000004008c3c                do_tftpput
 .text.do_dhcp  0x0000000004008c48        0xc cmd/built-in.o
 .text.do_nfs   0x0000000004008c54        0xc cmd/built-in.o
 .text.do_tftpb
                0x0000000004008c60       0x40 cmd/built-in.o
                0x0000000004008c60                do_tftpb
 .text.do_ping  0x0000000004008ca0       0x78 cmd/built-in.o
 .text.bytes_per_second
                0x0000000004008d18       0x50 cmd/built-in.o
 .text.do_spi_flash
                0x0000000004008d68      0x8a0 cmd/built-in.o
 .text.do_false
                0x0000000004009608        0x8 cmd/built-in.o
 .text.do_true  0x0000000004009610        0x8 cmd/built-in.o
 .text.do_test  0x0000000004009618      0x338 cmd/built-in.o
 .text.usb_get_class_desc
                0x0000000004009950       0xbc cmd/built-in.o
 .text.usb_find_device
                0x0000000004009a0c       0x3c cmd/built-in.o
 .text.usb_show_tree_graph
                0x0000000004009a48      0x234 cmd/built-in.o
 .text.usb_display_class_sub
                0x0000000004009c7c      0x170 cmd/built-in.o
 .text.usb_display_string
                0x0000000004009dec       0x44 cmd/built-in.o
 .text.usb_display_config
                0x0000000004009e30      0x20c cmd/built-in.o
 .text.do_usbboot
                0x000000000400a03c        0xc cmd/built-in.o
 .text.usb_display_desc.part.1
                0x000000000400a048      0x12c cmd/built-in.o
 .text.do_usb_start
                0x000000000400a174       0x30 cmd/built-in.o
 .text.usb_show_tree
                0x000000000400a1a4       0x54 cmd/built-in.o
                0x000000000400a1a4                usb_show_tree
 .text.do_usb   0x000000000400a1f8      0x77c cmd/built-in.o
 .text.do_thor_down
                0x000000000400a974      0x108 cmd/built-in.o
                0x000000000400a974                do_thor_down
 .text.do_imgextract
                0x000000000400aa7c      0x3c4 cmd/built-in.o
 .text.do_spl   0x000000000400ae40      0x1a4 cmd/built-in.o
 .text.do_dfu   0x000000000400afe4       0x84 cmd/built-in.o
 .text.do_env_delete
                0x000000000400b068       0xa0 cmd/built-in.o
 .text.do_env_exists
                0x000000000400b108       0x64 cmd/built-in.o
 .text.do_env_save
                0x000000000400b16c       0x2c cmd/built-in.o
 .text.do_env   0x000000000400b198       0x68 cmd/built-in.o
 .text.env_print
                0x000000000400b200       0xc0 cmd/built-in.o
 .text.do_env_print
                0x000000000400b2c0       0xcc cmd/built-in.o
 .text.do_env_import
                0x000000000400b38c      0x284 cmd/built-in.o
 .text.do_env_default
                0x000000000400b610       0xa8 cmd/built-in.o
 .text._do_env_set.isra.0
                0x000000000400b6b8      0x1bc cmd/built-in.o
 .text.do_env_set
                0x000000000400b874       0x20 cmd/built-in.o
 .text.get_env_id
                0x000000000400b894       0x10 cmd/built-in.o
                0x000000000400b894                get_env_id
 .text.setenv   0x000000000400b8a4       0x60 cmd/built-in.o
                0x000000000400b8a4                setenv
 .text.setenv_ulong
                0x000000000400b904       0x20 cmd/built-in.o
                0x000000000400b904                setenv_ulong
 .text.setenv_hex
                0x000000000400b924       0x34 cmd/built-in.o
                0x000000000400b924                setenv_hex
 .text.do_env_export
                0x000000000400b958      0x25c cmd/built-in.o
 .text.envmatch
                0x000000000400bbb4       0x6c cmd/built-in.o
                0x000000000400bbb4                envmatch
 .text.getenv_f
                0x000000000400bc20       0xc8 cmd/built-in.o
                0x000000000400bc20                getenv_f
 .text.getenv   0x000000000400bce8       0x78 cmd/built-in.o
                0x000000000400bce8                getenv
 .text.getenv_hex
                0x000000000400bd60       0x3c cmd/built-in.o
                0x000000000400bd60                getenv_hex
 .text.getenv_ulong
                0x000000000400bd9c       0x30 cmd/built-in.o
                0x000000000400bd9c                getenv_ulong
 .text.do_env_edit.part.2
                0x000000000400bdcc       0xac cmd/built-in.o
 .text.do_env_edit
                0x000000000400be78       0x2c cmd/built-in.o
 .text.common_diskboot
                0x000000000400bea4      0x2b4 cmd/built-in.o
                0x000000000400bea4                common_diskboot
 .text.board_init_f_alloc_reserve
                0x000000000400c158        0xc common/built-in.o
                0x000000000400c158                board_init_f_alloc_reserve
 .text.board_init_f_init_reserve
                0x000000000400c164       0x20 common/built-in.o
                0x000000000400c164                board_init_f_init_reserve
 .text.show_boot_progress
                0x000000000400c184        0x8 common/built-in.o
                0x000000000400c184                show_boot_progress
 .text.main_loop
                0x000000000400c18c       0x6c common/built-in.o
                0x000000000400c18c                main_loop
 .text.dummy    0x000000000400c1f8        0x4 common/built-in.o
 .text.get_version
                0x000000000400c1fc        0x8 common/built-in.o
                0x000000000400c1fc                get_version
 .text.jumptable_init
                0x000000000400c204      0x1d0 common/built-in.o
                0x000000000400c204                jumptable_init
 .text.hash_finish_crc32
                0x000000000400c3d4       0x30 common/built-in.o
 .text.hash_update_crc32
                0x000000000400c404       0x24 common/built-in.o
 .text.hash_init_crc32
                0x000000000400c428       0x24 common/built-in.o
 .text.hash_finish_sha256
                0x000000000400c44c       0x38 common/built-in.o
 .text.hash_update_sha256
                0x000000000400c484       0x1c common/built-in.o
 .text.hash_init_sha256
                0x000000000400c4a0       0x24 common/built-in.o
 .text.hash_finish_sha1
                0x000000000400c4c4       0x38 common/built-in.o
 .text.hash_update_sha1
                0x000000000400c4fc       0x1c common/built-in.o
 .text.hash_init_sha1
                0x000000000400c518       0x24 common/built-in.o
 .text.hash_lookup_algo
                0x000000000400c53c       0x54 common/built-in.o
                0x000000000400c53c                hash_lookup_algo
 .text.hash_progressive_lookup_algo
                0x000000000400c590       0x60 common/built-in.o
                0x000000000400c590                hash_progressive_lookup_algo
 .text.hash_command
                0x000000000400c5f0      0x1c0 common/built-in.o
                0x000000000400c5f0                hash_command
 .text.b_reset  0x000000000400c7b0       0x1c common/built-in.o
 .text.static_get
                0x000000000400c7cc       0x1c common/built-in.o
 .text.file_peek
                0x000000000400c7e8        0xc common/built-in.o
 .text.mapset   0x000000000400c7f4       0x20 common/built-in.o
 .text.syntax_err
                0x000000000400c814        0xc common/built-in.o
 .text.free_pipe_list
                0x000000000400c820       0xf4 common/built-in.o
 .text.xmalloc  0x000000000400c914       0x20 common/built-in.o
 .text.new_pipe
                0x000000000400c934       0x28 common/built-in.o
 .text.xrealloc
                0x000000000400c95c       0x20 common/built-in.o
 .text.done_command
                0x000000000400c97c       0x88 common/built-in.o
 .text.done_pipe
                0x000000000400ca04       0x48 common/built-in.o
 .text.done_word
                0x000000000400ca4c      0x2e4 common/built-in.o
 .text.do_showvar
                0x000000000400cd30      0x100 common/built-in.o
 .text.is_assignment
                0x000000000400ce30       0x5c common/built-in.o
 .text.file_get
                0x000000000400ce8c      0x1ec common/built-in.o
 .text.b_addchr
                0x000000000400d078       0x80 common/built-in.o
 .text.b_addqchr
                0x000000000400d0f8       0x50 common/built-in.o
 .text.static_peek
                0x000000000400d148        0xc common/built-in.o
 .text.get_local_var
                0x000000000400d154       0xa0 common/built-in.o
                0x000000000400d154                get_local_var
 .text.set_local_var
                0x000000000400d1f4      0x1bc common/built-in.o
                0x000000000400d1f4                set_local_var
 .text.insert_var_value_sub
                0x000000000400d3b0      0x2c0 common/built-in.o
 .text.parse_string_outer
                0x000000000400d670       0xe4 common/built-in.o
                0x000000000400d670                parse_string_outer
 .text.run_list_real
                0x000000000400d754      0x7c0 common/built-in.o
 .text.parse_stream_outer
                0x000000000400df14      0x6d0 common/built-in.o
 .text.parse_file_outer
                0x000000000400e5e4       0x44 common/built-in.o
                0x000000000400e5e4                parse_file_outer
 .text.u_boot_hush_start
                0x000000000400e628       0x54 common/built-in.o
                0x000000000400e628                u_boot_hush_start
 .text.bootdelay_process
                0x000000000400e67c       0xbc common/built-in.o
                0x000000000400e67c                bootdelay_process
 .text.autoboot_command
                0x000000000400e738       0xfc common/built-in.o
                0x000000000400e738                autoboot_command
 .text.print_cpuinfo
                0x000000000400e834        0x8 common/built-in.o
 .text.setup_mon_len
                0x000000000400e83c       0x20 common/built-in.o
 .text.reserve_round_4k
                0x000000000400e85c       0x18 common/built-in.o
 .text.reserve_mmu
                0x000000000400e874       0x38 common/built-in.o
 .text.reserve_uboot
                0x000000000400e8ac       0x30 common/built-in.o
 .text.reserve_malloc
                0x000000000400e8dc       0x18 common/built-in.o
 .text.reserve_global_data
                0x000000000400e8f4       0x1c common/built-in.o
 .text.initf_console_record
                0x000000000400e910        0x8 common/built-in.o
 .text.arch_cpu_init_dm
                0x000000000400e918        0x8 common/built-in.o
                0x000000000400e918                arch_cpu_init_dm
 .text.announce_dram_init
                0x000000000400e920       0x18 common/built-in.o
 .text.init_baud_rate
                0x000000000400e938       0x2c common/built-in.o
 .text.mark_bootstage
                0x000000000400e964       0x14 common/built-in.o
 .text.initf_dm
                0x000000000400e978        0x8 common/built-in.o
 .text.setup_reloc
                0x000000000400e980       0x3c common/built-in.o
 .text.reserve_board
                0x000000000400e9bc       0x40 common/built-in.o
 .text.reserve_arch
                0x000000000400e9fc        0x8 common/built-in.o
                0x000000000400e9fc                reserve_arch
 .text.display_text_info
                0x000000000400ea04        0x8 common/built-in.o
 .text.reserve_trace
                0x000000000400ea0c        0x8 common/built-in.o
 .text.setup_machine
                0x000000000400ea14        0x8 common/built-in.o
 .text.reserve_fdt
                0x000000000400ea1c        0x8 common/built-in.o
 .text.display_new_sp
                0x000000000400ea24        0x8 common/built-in.o
 .text.reloc_fdt
                0x000000000400ea2c        0x8 common/built-in.o
 .text.coloured_LED_init
                0x000000000400ea34        0x4 common/built-in.o
                0x000000000400ea34                coloured_LED_init
 .text.red_led_on
                0x000000000400ea38        0x4 common/built-in.o
                0x000000000400ea38                red_led_on
 .text.board_add_ram_info
                0x000000000400ea3c        0x4 common/built-in.o
                0x000000000400ea3c                board_add_ram_info
 .text.show_dram_config
                0x000000000400ea40       0x38 common/built-in.o
 .text.setup_dram_config
                0x000000000400ea78       0x10 common/built-in.o
 .text.board_get_usable_ram_top
                0x000000000400ea88        0x8 common/built-in.o
                0x000000000400ea88                board_get_usable_ram_top
 .text.board_reserve_ram_top
                0x000000000400ea90        0x4 common/built-in.o
                0x000000000400ea90                board_reserve_ram_top
 .text.setup_dest_addr
                0x000000000400ea94       0x44 common/built-in.o
 .text.reserve_stacks
                0x000000000400ead8       0x1c common/built-in.o
 .text.board_init_f
                0x000000000400eaf4       0x28 common/built-in.o
                0x000000000400eaf4                board_init_f
 .text.bootstage_relocate
                0x000000000400eb1c        0x8 common/built-in.o
 .text.initr_reloc
                0x000000000400eb24       0x18 common/built-in.o
 .text.power_init_board
                0x000000000400eb3c        0x8 common/built-in.o
                0x000000000400eb3c                power_init_board
 .text.initr_announce
                0x000000000400eb44        0x8 common/built-in.o
 .text.run_main_loop
                0x000000000400eb4c        0xc common/built-in.o
 .text.initr_net
                0x000000000400eb58       0x1c common/built-in.o
 .text.initr_ethaddr
                0x000000000400eb74       0x20 common/built-in.o
 .text.initr_enable_interrupts
                0x000000000400eb94       0x10 common/built-in.o
 .text.initr_jumptable
                0x000000000400eba4       0x10 common/built-in.o
 .text.initr_env
                0x000000000400ebb4       0x64 common/built-in.o
 .text.initr_mmc
                0x000000000400ec18       0x20 common/built-in.o
 .text.initr_serial
                0x000000000400ec38       0x10 common/built-in.o
 .text.initr_bootstage
                0x000000000400ec48       0x14 common/built-in.o
 .text.initr_dm
                0x000000000400ec5c       0x14 common/built-in.o
 .text.initr_malloc
                0x000000000400ec70       0x24 common/built-in.o
 .text.initr_reloc_global_data
                0x000000000400ec94       0x48 common/built-in.o
 .text.initr_caches
                0x000000000400ecdc       0x10 common/built-in.o
 .text.initr_console_record
                0x000000000400ecec        0x8 common/built-in.o
 .text.initr_trace
                0x000000000400ecf4        0x8 common/built-in.o
 .text.initr_barrier
                0x000000000400ecfc        0x8 common/built-in.o
 .text.cpu_secondary_init_r
                0x000000000400ed04        0x4 common/built-in.o
                0x000000000400ed04                cpu_secondary_init_r
 .text.initr_secondary_cpu
                0x000000000400ed08       0x10 common/built-in.o
 .text.board_init_r
                0x000000000400ed18       0x14 common/built-in.o
                0x000000000400ed18                board_init_r
 .text.show_board_info
                0x000000000400ed2c       0x38 common/built-in.o
                0x000000000400ed2c                show_board_info
 .text.bootm_find_images
                0x000000000400ed64      0x100 common/built-in.o
                0x000000000400ed64                bootm_find_images
 .text.bootm_decomp_image
                0x000000000400ee64      0x14c common/built-in.o
                0x000000000400ee64                bootm_decomp_image
 .text.bootm_disable_interrupts
                0x000000000400efb0       0x18 common/built-in.o
                0x000000000400efb0                bootm_disable_interrupts
 .text.do_bootm_states
                0x000000000400efc8      0x8dc common/built-in.o
                0x000000000400efc8                do_bootm_states
 .text.do_bootm_rtems
                0x000000000400f8a4       0x70 common/built-in.o
 .text.do_bootm_standalone
                0x000000000400f914       0x64 common/built-in.o
 .text.do_bootm_qnxelf
                0x000000000400f978       0x8c common/built-in.o
 .text.do_bootm_plan9
                0x000000000400fa04       0xfc common/built-in.o
 .text.do_bootvx_fdt
                0x000000000400fb00      0x118 common/built-in.o
                0x000000000400fb00                do_bootvx_fdt
 .text.do_bootm_vxworks
                0x000000000400fc18       0x54 common/built-in.o
 .text.arch_preboot_os
                0x000000000400fc6c        0x4 common/built-in.o
                0x000000000400fc6c                arch_preboot_os
 .text.boot_selected_os
                0x000000000400fc70       0x58 common/built-in.o
                0x000000000400fc70                boot_selected_os
 .text.bootm_os_get_boot_func
                0x000000000400fcc8       0x10 common/built-in.o
                0x000000000400fcc8                bootm_os_get_boot_func
 .text.regex_callback
                0x000000000400fcd8      0x134 common/built-in.o
 .text.env_attr_walk
                0x000000000400fe0c      0x128 common/built-in.o
                0x000000000400fe0c                env_attr_walk
 .text.env_attr_lookup
                0x000000000400ff34       0x84 common/built-in.o
                0x000000000400ff34                env_attr_lookup
 .text.clear_callback
                0x000000000400ffb8       0x10 common/built-in.o
 .text.find_env_callback
                0x000000000400ffc8       0x64 common/built-in.o
 .text.on_callbacks
                0x000000000401002c       0x50 common/built-in.o
 .text.set_callback
                0x000000000401007c       0x98 common/built-in.o
 .text.env_callback_init
                0x0000000004010114       0xc4 common/built-in.o
                0x0000000004010114                env_callback_init
 .text.skip_num
                0x00000000040101d8       0x78 common/built-in.o
 .text.clear_flags
                0x0000000004010250       0x10 common/built-in.o
 .text.on_flags
                0x0000000004010260       0x50 common/built-in.o
 .text.env_flags_parse_vartype
                0x00000000040102b0       0x50 common/built-in.o
                0x00000000040102b0                env_flags_parse_vartype
 .text.env_flags_parse_varaccess
                0x0000000004010300       0x58 common/built-in.o
                0x0000000004010300                env_flags_parse_varaccess
 .text.set_flags
                0x0000000004010358       0xb0 common/built-in.o
 .text.eth_validate_ethaddr_str
                0x0000000004010408       0x94 common/built-in.o
                0x0000000004010408                eth_validate_ethaddr_str
 .text.env_flags_init
                0x000000000401049c       0xd8 common/built-in.o
                0x000000000401049c                env_flags_init
 .text.env_flags_validate
                0x0000000004010574      0x2b8 common/built-in.o
                0x0000000004010574                env_flags_validate
 .text.saveenv  0x000000000401082c       0xe0 common/built-in.o
                0x000000000401082c                saveenv
 .text.env_relocate_spec
                0x000000000401090c       0xcc common/built-in.o
                0x000000000401090c                env_relocate_spec
 .text.env_init
                0x00000000040109d8       0x1c common/built-in.o
                0x00000000040109d8                env_init
 .text.of_bus_default_map
                0x00000000040109f4       0xdc common/built-in.o
 .text.of_bus_default_count_cells
                0x0000000004010ad0       0x58 common/built-in.o
                0x0000000004010ad0                of_bus_default_count_cells
 .text.of_bus_default_translate
                0x0000000004010b28       0xa0 common/built-in.o
 .text.fdt_find_and_setprop
                0x0000000004010bc8       0x70 common/built-in.o
                0x0000000004010bc8                fdt_find_and_setprop
 .text.fdt_find_or_add_subnode
                0x0000000004010c38       0x60 common/built-in.o
                0x0000000004010c38                fdt_find_or_add_subnode
 .text.fdt_root
                0x0000000004010c98       0x90 common/built-in.o
                0x0000000004010c98                fdt_root
 .text.fdt_initrd
                0x0000000004010d28      0x1cc common/built-in.o
                0x0000000004010d28                fdt_initrd
 .text.fdt_chosen
                0x0000000004010ef4       0xa8 common/built-in.o
                0x0000000004010ef4                fdt_chosen
 .text.do_fixup_by_path
                0x0000000004010f9c       0x54 common/built-in.o
                0x0000000004010f9c                do_fixup_by_path
 .text.fdt_fixup_memory_banks
                0x0000000004010ff0      0x1b0 common/built-in.o
                0x0000000004010ff0                fdt_fixup_memory_banks
 .text.fdt_fixup_memory
                0x00000000040111a0       0x20 common/built-in.o
                0x00000000040111a0                fdt_fixup_memory
 .text.fdt_fixup_ethernet
                0x00000000040111c0      0x1ac common/built-in.o
                0x00000000040111c0                fdt_fixup_ethernet
 .text.fdt_shrink_to_minimum
                0x000000000401136c       0xcc common/built-in.o
                0x000000000401136c                fdt_shrink_to_minimum
 .text.fdt_translate_address
                0x0000000004011438      0x29c common/built-in.o
                0x0000000004011438                fdt_translate_address
 .text.miiphy_get_dev_by_name
                0x00000000040116d4       0x60 common/built-in.o
                0x00000000040116d4                miiphy_get_dev_by_name
 .text.miiphy_init
                0x0000000004011734       0x24 common/built-in.o
                0x0000000004011734                miiphy_init
 .text.mdio_alloc
                0x0000000004011758       0x30 common/built-in.o
                0x0000000004011758                mdio_alloc
 .text.mdio_free
                0x0000000004011788        0x4 common/built-in.o
                0x0000000004011788                mdio_free
 .text.mdio_register
                0x000000000401178c       0x94 common/built-in.o
                0x000000000401178c                mdio_register
 .text.mdio_unregister
                0x0000000004011820       0x3c common/built-in.o
                0x0000000004011820                mdio_unregister
 .text.mdio_list_devices
                0x000000000401185c       0xb0 common/built-in.o
                0x000000000401185c                mdio_list_devices
 .text.miiphy_set_current_dev
                0x000000000401190c       0x40 common/built-in.o
                0x000000000401190c                miiphy_set_current_dev
 .text.miiphy_get_active_dev
                0x000000000401194c       0x54 common/built-in.o
 .text.mdio_get_current_dev
                0x00000000040119a0       0x10 common/built-in.o
                0x00000000040119a0                mdio_get_current_dev
 .text.mdio_phydev_for_ethname
                0x00000000040119b0       0x8c common/built-in.o
                0x00000000040119b0                mdio_phydev_for_ethname
 .text.miiphy_get_current_dev
                0x0000000004011a3c       0x18 common/built-in.o
                0x0000000004011a3c                miiphy_get_current_dev
 .text.miiphy_read
                0x0000000004011a54       0x4c common/built-in.o
                0x0000000004011a54                miiphy_read
 .text.miiphy_write
                0x0000000004011aa0       0x40 common/built-in.o
                0x0000000004011aa0                miiphy_write
 .text.miiphy_listdev
                0x0000000004011ae0       0x78 common/built-in.o
                0x0000000004011ae0                miiphy_listdev
 .text.miiphy_info
                0x0000000004011b58       0x88 common/built-in.o
                0x0000000004011b58                miiphy_info
 .text.miiphy_speed
                0x0000000004011be0       0x94 common/built-in.o
                0x0000000004011be0                miiphy_speed
 .text.miiphy_duplex
                0x0000000004011c74       0x94 common/built-in.o
                0x0000000004011c74                miiphy_duplex
 .text.miiphy_is_1000base_x
                0x0000000004011d08        0x8 common/built-in.o
                0x0000000004011d08                miiphy_is_1000base_x
 .text.usb_set_maxpacket_ep
                0x0000000004011d10       0x70 common/built-in.o
 .text.usb_stop
                0x0000000004011d80       0x80 common/built-in.o
                0x0000000004011d80                usb_stop
 .text.usb_disable_asynch
                0x0000000004011e00       0x20 common/built-in.o
                0x0000000004011e00                usb_disable_asynch
 .text.usb_control_msg
                0x0000000004011e20       0xc0 common/built-in.o
                0x0000000004011e20                usb_control_msg
 .text.usb_get_descriptor
                0x0000000004011ee0       0x58 common/built-in.o
 .text.get_descriptor_len
                0x0000000004011f38       0x90 common/built-in.o
 .text.usb_get_string
                0x0000000004011fc8       0x74 common/built-in.o
 .text.usb_string_sub
                0x000000000401203c      0x108 common/built-in.o
 .text.usb_bulk_msg
                0x0000000004012144       0x70 common/built-in.o
                0x0000000004012144                usb_bulk_msg
 .text.usb_maxpacket
                0x00000000040121b4       0x1c common/built-in.o
                0x00000000040121b4                usb_maxpacket
 .text.usb_clear_halt
                0x00000000040121d0       0x90 common/built-in.o
                0x00000000040121d0                usb_clear_halt
 .text.usb_get_configuration_len
                0x0000000004012260       0x74 common/built-in.o
                0x0000000004012260                usb_get_configuration_len
 .text.usb_get_configuration_no
                0x00000000040122d4       0x34 common/built-in.o
                0x00000000040122d4                usb_get_configuration_no
 .text.usb_set_interface
                0x0000000004012308       0xb4 common/built-in.o
                0x0000000004012308                usb_set_interface
 .text.usb_string
                0x00000000040123bc      0x100 common/built-in.o
                0x00000000040123bc                usb_string
 .text.usb_get_dev_index
                0x00000000040124bc       0x24 common/built-in.o
                0x00000000040124bc                usb_get_dev_index
 .text.usb_alloc_new_device
                0x00000000040124e0       0x90 common/built-in.o
                0x00000000040124e0                usb_alloc_new_device
 .text.usb_free_device
                0x0000000004012570       0x48 common/built-in.o
                0x0000000004012570                usb_free_device
 .text.usb_alloc_device
                0x00000000040125b8        0x8 common/built-in.o
                0x00000000040125b8                usb_alloc_device
 .text.usb_select_config
                0x00000000040125c0      0x46c common/built-in.o
                0x00000000040125c0                usb_select_config
 .text.usb_setup_device
                0x0000000004012a2c      0x170 common/built-in.o
                0x0000000004012a2c                usb_setup_device
 .text.usb_new_device
                0x0000000004012b9c       0x34 common/built-in.o
                0x0000000004012b9c                usb_new_device
 .text.usb_init
                0x0000000004012bd0      0x170 common/built-in.o
                0x0000000004012bd0                usb_init
 .text.board_usb_init
                0x0000000004012d40        0x8 common/built-in.o
                0x0000000004012d40                board_usb_init
 .text.board_usb_cleanup
                0x0000000004012d48        0x8 common/built-in.o
                0x0000000004012d48                board_usb_cleanup
 .text.usb_device_has_child_on_port
                0x0000000004012d50       0x14 common/built-in.o
                0x0000000004012d50                usb_device_has_child_on_port
 .text.usb_find_usb2_hub_address_port
                0x0000000004012d64       0x5c common/built-in.o
                0x0000000004012d64                usb_find_usb2_hub_address_port
 .text.usb_set_port_feature
                0x0000000004012dc0       0x4c common/built-in.o
 .text.usb_clear_port_feature
                0x0000000004012e0c       0x4c common/built-in.o
 .text.usb_get_hub_descriptor
                0x0000000004012e58       0x4c common/built-in.o
 .text.usb_hub_reset_devices
                0x0000000004012ea4        0x4 common/built-in.o
                0x0000000004012ea4                usb_hub_reset_devices
 .text.usb_get_port_status
                0x0000000004012ea8       0x4c common/built-in.o
                0x0000000004012ea8                usb_get_port_status
 .text.usb_hub_reset
                0x0000000004012ef4       0x20 common/built-in.o
                0x0000000004012ef4                usb_hub_reset
 .text.legacy_hub_port_reset
                0x0000000004012f14       0x9c common/built-in.o
                0x0000000004012f14                legacy_hub_port_reset
 .text.usb_hub_port_connect_change
                0x0000000004012fb0      0x15c common/built-in.o
                0x0000000004012fb0                usb_hub_port_connect_change
 .text.usb_hub_configure
                0x000000000401310c      0x4b8 common/built-in.o
 .text.usb_hub_probe
                0x00000000040135c4       0x54 common/built-in.o
                0x00000000040135c4                usb_hub_probe
 .text.usb_stor_irq
                0x0000000004013618       0x1c common/built-in.o
 .text.usb_stor_BBB_reset
                0x0000000004013634       0xd0 common/built-in.o
 .text.usb_stor_CB_reset
                0x0000000004013704       0xd0 common/built-in.o
 .text.usb_stor_BBB_clear_endpt_stall.isra.2
                0x00000000040137d4       0x40 common/built-in.o
 .text.usb_stor_BBB_transport
                0x0000000004013814      0x258 common/built-in.o
 .text.usb_stor_CB_comdat
                0x0000000004013a6c      0x204 common/built-in.o
 .text.usb_stor_CBI_get_status.isra.4
                0x0000000004013c70       0xc8 common/built-in.o
 .text.usb_stor_CB_transport
                0x0000000004013d38      0x228 common/built-in.o
 .text.usb_request_sense.constprop.10
                0x0000000004013f60       0x70 common/built-in.o
 .text.usb_stor_read
                0x0000000004013fd0      0x174 common/built-in.o
 .text.usb_stor_write
                0x0000000004014144      0x174 common/built-in.o
 .text.usb_stor_info
                0x00000000040142b8       0x78 common/built-in.o
                0x00000000040142b8                usb_stor_info
 .text.usb_storage_probe
                0x0000000004014330      0x204 common/built-in.o
                0x0000000004014330                usb_storage_probe
 .text.usb_stor_get_info
                0x0000000004014534      0x31c common/built-in.o
                0x0000000004014534                usb_stor_get_info
 .text.usb_stor_scan
                0x0000000004014850      0x1ec common/built-in.o
                0x0000000004014850                usb_stor_scan
 .text.env_get_char_spec
                0x0000000004014a3c        0xc common/built-in.o
                0x0000000004014a3c                env_get_char_spec
 .text.env_get_addr
                0x0000000004014a48       0x20 common/built-in.o
                0x0000000004014a48                env_get_addr
 .text.env_get_char_memory
                0x0000000004014a68       0x10 common/built-in.o
                0x0000000004014a68                env_get_char_memory
 .text.env_get_char
                0x0000000004014a78       0x30 common/built-in.o
                0x0000000004014a78                env_get_char
 .text.getenv_yesno
                0x0000000004014aa8       0x3c common/built-in.o
                0x0000000004014aa8                getenv_yesno
 .text.getenv_default
                0x0000000004014ae4       0x30 common/built-in.o
                0x0000000004014ae4                getenv_default
 .text.set_default_env
                0x0000000004014b14       0xcc common/built-in.o
                0x0000000004014b14                set_default_env
 .text.set_default_vars
                0x0000000004014be0       0x38 common/built-in.o
                0x0000000004014be0                set_default_vars
 .text.env_import
                0x0000000004014c18       0xe0 common/built-in.o
                0x0000000004014c18                env_import
 .text.env_export
                0x0000000004014cf8       0xa4 common/built-in.o
                0x0000000004014cf8                env_export
 .text.env_relocate
                0x0000000004014d9c       0x2c common/built-in.o
                0x0000000004014d9c                env_relocate
 .text.env_complete
                0x0000000004014dc8       0xf0 common/built-in.o
                0x0000000004014dc8                env_complete
 .text.console_setfile
                0x0000000004014eb8       0xc0 common/built-in.o
 .text.putc     0x0000000004014f78       0x34 common/built-in.o
                0x0000000004014f78                putc
 .text.puts     0x0000000004014fac       0x34 common/built-in.o
                0x0000000004014fac                puts
 .text.fgetc    0x0000000004014fe0       0x24 common/built-in.o
                0x0000000004014fe0                fgetc
 .text.getc     0x0000000004015004       0x24 common/built-in.o
                0x0000000004015004                getc
 .text.ftstc    0x0000000004015028       0x24 common/built-in.o
                0x0000000004015028                ftstc
 .text.tstc     0x000000000401504c       0x24 common/built-in.o
                0x000000000401504c                tstc
 .text.ctrlc    0x0000000004015070       0x58 common/built-in.o
                0x0000000004015070                ctrlc
 .text.disable_ctrlc
                0x00000000040150c8       0x18 common/built-in.o
                0x00000000040150c8                disable_ctrlc
 .text.had_ctrlc
                0x00000000040150e0       0x10 common/built-in.o
                0x00000000040150e0                had_ctrlc
 .text.clear_ctrlc
                0x00000000040150f0       0x14 common/built-in.o
                0x00000000040150f0                clear_ctrlc
 .text.search_device
                0x0000000004015104       0x28 common/built-in.o
                0x0000000004015104                search_device
 .text.console_assign
                0x000000000401512c       0x48 common/built-in.o
                0x000000000401512c                console_assign
 .text.on_console
                0x0000000004015174       0xb8 common/built-in.o
 .text.console_init_f
                0x000000000401522c       0x10 common/built-in.o
                0x000000000401522c                console_init_f
 .text.stdio_print_current_devices
                0x000000000401523c       0xb0 common/built-in.o
                0x000000000401523c                stdio_print_current_devices
 .text.console_init_r
                0x00000000040152ec       0xd8 common/built-in.o
                0x00000000040152ec                console_init_r
 .text.sbrk     0x00000000040153c4       0x6c common/built-in.o
                0x00000000040153c4                sbrk
 .text.mem_malloc_init
                0x0000000004015430       0x34 common/built-in.o
                0x0000000004015430                mem_malloc_init
 .text.malloc_trim
                0x0000000004015464       0xcc common/built-in.o
                0x0000000004015464                malloc_trim
 .text.free     0x0000000004015530      0x244 common/built-in.o
                0x0000000004015530                free
 .text.malloc   0x0000000004015774      0x618 common/built-in.o
                0x0000000004015774                malloc
 .text.calloc   0x0000000004015d8c      0x144 common/built-in.o
                0x0000000004015d8c                calloc
 .text.realloc  0x0000000004015ed0      0x4e0 common/built-in.o
                0x0000000004015ed0                realloc
 .text.memalign
                0x00000000040163b0      0x170 common/built-in.o
                0x00000000040163b0                memalign
 .text.initf_malloc
                0x0000000004016520       0x18 common/built-in.o
                0x0000000004016520                initf_malloc
 .text.malloc_simple
                0x0000000004016538       0x30 common/built-in.o
                0x0000000004016538                malloc_simple
 .text.on_loadaddr
                0x0000000004016568       0x38 common/built-in.o
 .text.image_check_hcrc
                0x00000000040165a0       0x4c common/built-in.o
                0x00000000040165a0                image_check_hcrc
 .text.image_check_dcrc
                0x00000000040165ec       0x38 common/built-in.o
                0x00000000040165ec                image_check_dcrc
 .text.image_multi_count
                0x0000000004016624       0x1c common/built-in.o
                0x0000000004016624                image_multi_count
 .text.image_multi_getimg
                0x0000000004016640       0x80 common/built-in.o
                0x0000000004016640                image_multi_getimg
 .text.getenv_bootm_low
                0x00000000040166c0       0x34 common/built-in.o
                0x00000000040166c0                getenv_bootm_low
 .text.getenv_bootm_size
                0x00000000040166f4       0x68 common/built-in.o
                0x00000000040166f4                getenv_bootm_size
 .text.getenv_bootm_mapsize
                0x000000000401675c       0x30 common/built-in.o
                0x000000000401675c                getenv_bootm_mapsize
 .text.memmove_wd
                0x000000000401678c        0xc common/built-in.o
                0x000000000401678c                memmove_wd
 .text.genimg_print_size
                0x0000000004016798       0x30 common/built-in.o
                0x0000000004016798                genimg_print_size
 .text.get_table_entry
                0x00000000040167c8       0x24 common/built-in.o
                0x00000000040167c8                get_table_entry
 .text.get_table_entry_name
                0x00000000040167ec       0x20 common/built-in.o
                0x00000000040167ec                get_table_entry_name
 .text.genimg_get_os_name
                0x000000000401680c       0x18 common/built-in.o
                0x000000000401680c                genimg_get_os_name
 .text.genimg_get_arch_name
                0x0000000004016824       0x18 common/built-in.o
                0x0000000004016824                genimg_get_arch_name
 .text.genimg_get_type_name
                0x000000000401683c       0x18 common/built-in.o
                0x000000000401683c                genimg_get_type_name
 .text.genimg_get_comp_name
                0x0000000004016854       0x18 common/built-in.o
                0x0000000004016854                genimg_get_comp_name
 .text.image_print_contents
                0x000000000401686c      0x17c common/built-in.o
                0x000000000401686c                image_print_contents
 .text.get_table_entry_id
                0x00000000040169e8       0x4c common/built-in.o
                0x00000000040169e8                get_table_entry_id
 .text.genimg_get_os_id
                0x0000000004016a34       0x18 common/built-in.o
                0x0000000004016a34                genimg_get_os_id
 .text.genimg_get_arch_id
                0x0000000004016a4c       0x18 common/built-in.o
                0x0000000004016a4c                genimg_get_arch_id
 .text.genimg_get_type_id
                0x0000000004016a64       0x18 common/built-in.o
                0x0000000004016a64                genimg_get_type_id
 .text.genimg_get_comp_id
                0x0000000004016a7c       0x18 common/built-in.o
                0x0000000004016a7c                genimg_get_comp_id
 .text.genimg_get_kernel_addr_fit
                0x0000000004016a94       0x70 common/built-in.o
                0x0000000004016a94                genimg_get_kernel_addr_fit
 .text.genimg_get_format
                0x0000000004016b04       0x34 common/built-in.o
                0x0000000004016b04                genimg_get_format
 .text.genimg_get_image
                0x0000000004016b38        0x4 common/built-in.o
                0x0000000004016b38                genimg_get_image
 .text.genimg_has_config
                0x0000000004016b3c       0x10 common/built-in.o
                0x0000000004016b3c                genimg_has_config
 .text.boot_get_ramdisk
                0x0000000004016b4c      0x330 common/built-in.o
                0x0000000004016b4c                boot_get_ramdisk
 .text.boot_ramdisk_high
                0x0000000004016e7c      0x138 common/built-in.o
                0x0000000004016e7c                boot_ramdisk_high
 .text.boot_get_setup
                0x0000000004016fb4        0x4 common/built-in.o
                0x0000000004016fb4                boot_get_setup
 .text.boot_get_fpga
                0x0000000004016fb8      0x188 common/built-in.o
                0x0000000004016fb8                boot_get_fpga
 .text.boot_get_loadable
                0x0000000004017140       0xdc common/built-in.o
                0x0000000004017140                boot_get_loadable
 .text.image_setup_linux
                0x000000000401721c       0x8c common/built-in.o
                0x000000000401721c                image_setup_linux
 .text.fdt_error
                0x00000000040172a8       0x2c common/built-in.o
 .text.boot_fdt_add_mem_rsv_regions
                0x00000000040172d4       0x8c common/built-in.o
                0x00000000040172d4                boot_fdt_add_mem_rsv_regions
 .text.boot_relocate_fdt
                0x0000000004017360      0x198 common/built-in.o
                0x0000000004017360                boot_relocate_fdt
 .text.boot_get_fdt
                0x00000000040174f8      0x3d0 common/built-in.o
                0x00000000040174f8                boot_get_fdt
 .text.ft_verify_fdt
                0x00000000040178c8        0x8 common/built-in.o
                0x00000000040178c8                ft_verify_fdt
 .text.image_setup_libfdt
                0x00000000040178d0      0x110 common/built-in.o
                0x00000000040178d0                image_setup_libfdt
 .text.fit_image_get_address
                0x00000000040179e0       0x60 common/built-in.o
 .text.fit_parse_conf
                0x0000000004017a40       0x64 common/built-in.o
                0x0000000004017a40                fit_parse_conf
 .text.fit_parse_subimage
                0x0000000004017aa4       0x64 common/built-in.o
                0x0000000004017aa4                fit_parse_subimage
 .text.fit_get_desc
                0x0000000004017b08       0x30 common/built-in.o
                0x0000000004017b08                fit_get_desc
 .text.fit_image_get_node
                0x0000000004017b38       0x30 common/built-in.o
                0x0000000004017b38                fit_image_get_node
 .text.fit_image_get_os
                0x0000000004017b68       0x3c common/built-in.o
                0x0000000004017b68                fit_image_get_os
 .text.fit_image_get_arch
                0x0000000004017ba4       0x3c common/built-in.o
                0x0000000004017ba4                fit_image_get_arch
 .text.fit_image_get_type
                0x0000000004017be0       0x3c common/built-in.o
                0x0000000004017be0                fit_image_get_type
 .text.fit_image_get_comp
                0x0000000004017c1c       0x3c common/built-in.o
                0x0000000004017c1c                fit_image_get_comp
 .text.fit_image_get_load
                0x0000000004017c58       0x10 common/built-in.o
                0x0000000004017c58                fit_image_get_load
 .text.fit_image_get_entry
                0x0000000004017c68       0x10 common/built-in.o
                0x0000000004017c68                fit_image_get_entry
 .text.fit_image_get_data
                0x0000000004017c78       0x40 common/built-in.o
                0x0000000004017c78                fit_image_get_data
 .text.fit_image_hash_get_algo
                0x0000000004017cb8       0x30 common/built-in.o
                0x0000000004017cb8                fit_image_hash_get_algo
 .text.fit_image_hash_get_value
                0x0000000004017ce8       0x40 common/built-in.o
                0x0000000004017ce8                fit_image_hash_get_value
 .text.fit_image_print_data
                0x0000000004017d28      0x144 common/built-in.o
 .text.fit_image_print
                0x0000000004017e6c      0x34c common/built-in.o
                0x0000000004017e6c                fit_image_print
 .text.fit_get_end
                0x00000000040181b8       0x10 common/built-in.o
                0x00000000040181b8                fit_get_end
 .text.calculate_hash
                0x00000000040181c8       0xfc common/built-in.o
                0x00000000040181c8                calculate_hash
 .text.fit_image_verify
                0x00000000040182c4      0x2cc common/built-in.o
                0x00000000040182c4                fit_image_verify
 .text.fit_all_image_verify
                0x0000000004018590       0xfc common/built-in.o
                0x0000000004018590                fit_all_image_verify
 .text.fit_image_check_os
                0x000000000401868c       0x30 common/built-in.o
                0x000000000401868c                fit_image_check_os
 .text.fit_image_check_arch
                0x00000000040186bc       0x44 common/built-in.o
                0x00000000040186bc                fit_image_check_arch
 .text.fit_image_check_type
                0x0000000004018700       0x30 common/built-in.o
                0x0000000004018700                fit_image_check_type
 .text.fit_image_check_comp
                0x0000000004018730       0x30 common/built-in.o
                0x0000000004018730                fit_image_check_comp
 .text.fit_check_format
                0x0000000004018760       0x40 common/built-in.o
                0x0000000004018760                fit_check_format
 .text.fit_conf_get_node
                0x00000000040187a0       0x68 common/built-in.o
                0x00000000040187a0                fit_conf_get_node
 .text.fit_conf_get_prop_node
                0x0000000004018808       0x2c common/built-in.o
                0x0000000004018808                fit_conf_get_prop_node
 .text.fit_conf_print
                0x0000000004018834      0x1b8 common/built-in.o
                0x0000000004018834                fit_conf_print
 .text.fit_print_contents
                0x00000000040189ec      0x20c common/built-in.o
                0x00000000040189ec                fit_print_contents
 .text.fit_get_node_from_config
                0x0000000004018bf8       0x40 common/built-in.o
                0x0000000004018bf8                fit_get_node_from_config
 .text.fit_image_load
                0x0000000004018c38      0x564 common/built-in.o
                0x0000000004018c38                fit_image_load
 .text.boot_get_setup_fit
                0x000000000401919c       0x6c common/built-in.o
                0x000000000401919c                boot_get_setup_fit
 .text.rsa_sign
                0x0000000004019208        0x8 common/built-in.o
 .text.rsa_add_verify_data
                0x0000000004019210        0x8 common/built-in.o
 .text.image_get_sig_algo
                0x0000000004019218       0x4c common/built-in.o
                0x0000000004019218                image_get_sig_algo
 .text.fit_image_setup_verify
                0x0000000004019264       0xbc common/built-in.o
 .text.fit_region_make_list
                0x0000000004019320       0x68 common/built-in.o
                0x0000000004019320                fit_region_make_list
 .text.fit_image_check_sig
                0x0000000004019388       0xb4 common/built-in.o
                0x0000000004019388                fit_image_check_sig
 .text.fit_image_verify_required_sigs
                0x000000000401943c      0x218 common/built-in.o
                0x000000000401943c                fit_image_verify_required_sigs
 .text.fit_config_check_sig
                0x0000000004019654      0x280 common/built-in.o
                0x0000000004019654                fit_config_check_sig
 .text.fit_config_verify_required_sigs
                0x00000000040198d4      0x1d8 common/built-in.o
                0x00000000040198d4                fit_config_verify_required_sigs
 .text.fit_config_verify
                0x0000000004019aac        0x8 common/built-in.o
                0x0000000004019aac                fit_config_verify
 .text.get_effective_memsize
                0x0000000004019ab4        0x8 common/built-in.o
                0x0000000004019ab4                get_effective_memsize
 .text.stdio_serial_tstc
                0x0000000004019abc        0x4 common/built-in.o
 .text.stdio_serial_getc
                0x0000000004019ac0        0x4 common/built-in.o
 .text.stdio_serial_puts
                0x0000000004019ac4        0x8 common/built-in.o
 .text.stdio_serial_putc
                0x0000000004019acc        0x8 common/built-in.o
 .text.stdio_get_list
                0x0000000004019ad4        0xc common/built-in.o
                0x0000000004019ad4                stdio_get_list
 .text.stdio_get_by_name
                0x0000000004019ae0       0x5c common/built-in.o
                0x0000000004019ae0                stdio_get_by_name
 .text.stdio_clone
                0x0000000004019b3c       0x38 common/built-in.o
                0x0000000004019b3c                stdio_clone
 .text.stdio_register_dev
                0x0000000004019b74       0x50 common/built-in.o
                0x0000000004019b74                stdio_register_dev
 .text.stdio_register
                0x0000000004019bc4        0x8 common/built-in.o
                0x0000000004019bc4                stdio_register
 .text.stdio_init_tables
                0x0000000004019bcc       0x1c common/built-in.o
                0x0000000004019bcc                stdio_init_tables
 .text.stdio_add_devices
                0x0000000004019be8       0x78 common/built-in.o
                0x0000000004019be8                stdio_add_devices
 .text.run_command
                0x0000000004019c60       0x10 common/built-in.o
                0x0000000004019c60                run_command
 .text.run_command_list
                0x0000000004019c70       0x7c common/built-in.o
                0x0000000004019c70                run_command_list
 .text.do_run   0x0000000004019cec       0x78 common/built-in.o
                0x0000000004019cec                do_run
 .text.cli_process_fdt
                0x0000000004019d64       0x40 common/built-in.o
                0x0000000004019d64                cli_process_fdt
 .text.cli_secure_boot_cmd
                0x0000000004019da4       0x78 common/built-in.o
                0x0000000004019da4                cli_secure_boot_cmd
 .text.cli_loop
                0x0000000004019e1c        0xc common/built-in.o
                0x0000000004019e1c                cli_loop
 .text.cli_init
                0x0000000004019e28        0x4 common/built-in.o
                0x0000000004019e28                cli_init
 .text.delete_char.part.0
                0x0000000004019e2c       0xd4 common/built-in.o
 .text.cread_add_char
                0x0000000004019f00       0xe8 common/built-in.o
 .text.cli_readline_into_buffer
                0x0000000004019fe8      0x9cc common/built-in.o
                0x0000000004019fe8                cli_readline_into_buffer
 .text.cli_readline
                0x000000000401a9b4       0x14 common/built-in.o
                0x000000000401a9b4                cli_readline
 .text.run_usb_dnl_gadget
                0x000000000401a9c8      0x14c common/built-in.o
                0x000000000401a9c8                run_usb_dnl_gadget
 .text.find_cmd_tbl
                0x000000000401ab14       0xa4 common/built-in.o
                0x000000000401ab14                find_cmd_tbl
 .text.find_cmd
                0x000000000401abb8       0x28 common/built-in.o
                0x000000000401abb8                find_cmd
 .text.cmd_usage
                0x000000000401abe0       0x5c common/built-in.o
                0x000000000401abe0                cmd_usage
 .text._do_help
                0x000000000401ac3c      0x188 common/built-in.o
                0x000000000401ac3c                _do_help
 .text.var_complete
                0x000000000401adc4       0x98 common/built-in.o
                0x000000000401adc4                var_complete
 .text.cmd_auto_complete
                0x000000000401ae5c      0x4b8 common/built-in.o
                0x000000000401ae5c                cmd_auto_complete
 .text.cmd_get_data_size
                0x000000000401b314       0x5c common/built-in.o
                0x000000000401b314                cmd_get_data_size
 .text.cmd_process
                0x000000000401b370       0xec common/built-in.o
                0x000000000401b370                cmd_process
 .text.cmd_process_error
                0x000000000401b45c       0x30 common/built-in.o
                0x000000000401b45c                cmd_process_error
 .text.hex1_bin
                0x000000000401b48c       0x40 common/built-in.o
 .text.hex2_bin
                0x000000000401b4cc       0x38 common/built-in.o
 .text.srec_decode
                0x000000000401b504      0x250 common/built-in.o
                0x000000000401b504                srec_decode
 .text.CYGACC_COMM_IF_GETC_TIMEOUT.isra.0
                0x000000000401b754       0x5c common/built-in.o
 .text.xyzModem_flush
                0x000000000401b7b0       0x1c common/built-in.o
 .text.xyzModem_get_hdr
                0x000000000401b7cc      0x22c common/built-in.o
 .text.xyzModem_stream_open
                0x000000000401b9f8      0x234 common/built-in.o
                0x000000000401b9f8                xyzModem_stream_open
 .text.xyzModem_stream_read
                0x000000000401bc2c      0x250 common/built-in.o
                0x000000000401bc2c                xyzModem_stream_read
 .text.xyzModem_stream_close
                0x000000000401be7c       0x54 common/built-in.o
                0x000000000401be7c                xyzModem_stream_close
 .text.xyzModem_stream_terminate
                0x000000000401bed0       0x94 common/built-in.o
                0x000000000401bed0                xyzModem_stream_terminate
 .text.xyzModem_error
                0x000000000401bf64       0x20 common/built-in.o
                0x000000000401bf64                xyzModem_error
 .text.blk_get_dev
                0x000000000401bf84       0x30 disk/built-in.o
                0x000000000401bf84                blk_get_dev
 .text.dev_print
                0x000000000401bfb4      0x20c disk/built-in.o
                0x000000000401bfb4                dev_print
 .text.part_init
                0x000000000401c1c0       0x54 disk/built-in.o
                0x000000000401c1c0                part_init
 .text.part_print
                0x000000000401c214      0x12c disk/built-in.o
                0x000000000401c214                part_print
 .text.part_get_info
                0x000000000401c340       0x68 disk/built-in.o
                0x000000000401c340                part_get_info
 .text.blk_get_device_by_str
                0x000000000401c3a8      0x150 disk/built-in.o
                0x000000000401c3a8                blk_get_device_by_str
 .text.blk_get_device_part_str
                0x000000000401c4f8      0x3f0 disk/built-in.o
                0x000000000401c4f8                blk_get_device_part_str
 .text.test_block_type
                0x000000000401c8e8       0x84 disk/built-in.o
 .text.print_partition_extended
                0x000000000401c96c      0x274 disk/built-in.o
 .text.part_print_dos
                0x000000000401cbe0       0x34 disk/built-in.o
                0x000000000401cbe0                part_print_dos
 .text.part_test_dos
                0x000000000401cc14       0x60 disk/built-in.o
 .text.part_get_info_extended.constprop.1
                0x000000000401cc74      0x2fc disk/built-in.o
 .text.part_get_info_dos
                0x000000000401cf70       0x20 disk/built-in.o
                0x000000000401cf70                part_get_info_dos
 .text.device_bind_common
                0x000000000401cf90      0x344 drivers/built-in.o
 .text.alloc_priv
                0x000000000401d2d4       0x48 drivers/built-in.o
 .text.device_bind_with_driver_data
                0x000000000401d31c       0x24 drivers/built-in.o
                0x000000000401d31c                device_bind_with_driver_data
 .text.device_bind
                0x000000000401d340       0x28 drivers/built-in.o
                0x000000000401d340                device_bind
 .text.device_bind_by_name
                0x000000000401d368       0x60 drivers/built-in.o
                0x000000000401d368                device_bind_by_name
 .text.device_probe
                0x000000000401d3c8      0x234 drivers/built-in.o
                0x000000000401d3c8                device_probe
 .text.dev_get_platdata
                0x000000000401d5fc       0x34 drivers/built-in.o
                0x000000000401d5fc                dev_get_platdata
 .text.dev_get_parent_platdata
                0x000000000401d630       0x34 drivers/built-in.o
                0x000000000401d630                dev_get_parent_platdata
 .text.dev_get_uclass_platdata
                0x000000000401d664       0x34 drivers/built-in.o
                0x000000000401d664                dev_get_uclass_platdata
 .text.dev_get_priv
                0x000000000401d698       0x34 drivers/built-in.o
                0x000000000401d698                dev_get_priv
 .text.dev_get_uclass_priv
                0x000000000401d6cc       0x34 drivers/built-in.o
                0x000000000401d6cc                dev_get_uclass_priv
 .text.dev_get_parent_priv
                0x000000000401d700       0x34 drivers/built-in.o
                0x000000000401d700                dev_get_parent_priv
 .text.device_find_first_child
                0x000000000401d734       0x1c drivers/built-in.o
                0x000000000401d734                device_find_first_child
 .text.device_find_next_child
                0x000000000401d750       0x28 drivers/built-in.o
                0x000000000401d750                device_find_next_child
 .text.dev_get_addr_index
                0x000000000401d778       0xac drivers/built-in.o
                0x000000000401d778                dev_get_addr_index
 .text.dev_get_addr
                0x000000000401d824        0x8 drivers/built-in.o
                0x000000000401d824                dev_get_addr
 .text.lists_driver_lookup_name
                0x000000000401d82c       0x4c drivers/built-in.o
                0x000000000401d82c                lists_driver_lookup_name
 .text.lists_uclass_lookup
                0x000000000401d878       0x3c drivers/built-in.o
                0x000000000401d878                lists_uclass_lookup
 .text.lists_bind_drivers
                0x000000000401d8b4       0x8c drivers/built-in.o
                0x000000000401d8b4                lists_bind_drivers
 .text.device_bind_driver_to_node
                0x000000000401d940       0x48 drivers/built-in.o
                0x000000000401d940                device_bind_driver_to_node
 .text.device_bind_driver
                0x000000000401d988       0x18 drivers/built-in.o
                0x000000000401d988                device_bind_driver
 .text.lists_bind_fdt
                0x000000000401d9a0      0x1c4 drivers/built-in.o
                0x000000000401d9a0                lists_bind_fdt
 .text.dm_root  0x000000000401db64       0x2c drivers/built-in.o
                0x000000000401db64                dm_root
 .text.dm_get_translation_offset
                0x000000000401db90       0x14 drivers/built-in.o
                0x000000000401db90                dm_get_translation_offset
 .text.dm_init  0x000000000401dba4       0x64 drivers/built-in.o
                0x000000000401dba4                dm_init
 .text.dm_scan_platdata
                0x000000000401dc08       0x2c drivers/built-in.o
                0x000000000401dc08                dm_scan_platdata
 .text.dm_scan_fdt_node
                0x000000000401dc34       0xcc drivers/built-in.o
                0x000000000401dc34                dm_scan_fdt_node
 .text.dm_scan_fdt
                0x000000000401dd00       0x18 drivers/built-in.o
                0x000000000401dd00                dm_scan_fdt
 .text.dm_scan_other
                0x000000000401dd18        0x8 drivers/built-in.o
                0x000000000401dd18                dm_scan_other
 .text.dm_init_and_scan
                0x000000000401dd20       0x44 drivers/built-in.o
                0x000000000401dd20                dm_init_and_scan
 .text.uclass_find
                0x000000000401dd64       0x4c drivers/built-in.o
                0x000000000401dd64                uclass_find
 .text.uclass_get
                0x000000000401ddb0      0x124 drivers/built-in.o
                0x000000000401ddb0                uclass_get
 .text.uclass_find_device
                0x000000000401ded4       0x74 drivers/built-in.o
                0x000000000401ded4                uclass_find_device
 .text.uclass_find_first_device
                0x000000000401df48       0x3c drivers/built-in.o
                0x000000000401df48                uclass_find_first_device
 .text.uclass_find_next_device
                0x000000000401df84       0x2c drivers/built-in.o
                0x000000000401df84                uclass_find_next_device
 .text.uclass_find_device_by_seq
                0x000000000401dfb0       0x7c drivers/built-in.o
                0x000000000401dfb0                uclass_find_device_by_seq
 .text.uclass_find_device_by_of_offset
                0x000000000401e02c       0x6c drivers/built-in.o
                0x000000000401e02c                uclass_find_device_by_of_offset
 .text.uclass_get_device_tail
                0x000000000401e098       0x2c drivers/built-in.o
                0x000000000401e098                uclass_get_device_tail
 .text.uclass_get_device
                0x000000000401e0c4       0x30 drivers/built-in.o
                0x000000000401e0c4                uclass_get_device
 .text.uclass_get_device_by_seq
                0x000000000401e0f4       0x54 drivers/built-in.o
                0x000000000401e0f4                uclass_get_device_by_seq
 .text.uclass_get_device_by_of_offset
                0x000000000401e148       0x30 drivers/built-in.o
                0x000000000401e148                uclass_get_device_by_of_offset
 .text.uclass_first_device
                0x000000000401e178       0x38 drivers/built-in.o
                0x000000000401e178                uclass_first_device
 .text.uclass_next_device
                0x000000000401e1b0       0x40 drivers/built-in.o
                0x000000000401e1b0                uclass_next_device
 .text.uclass_bind_device
                0x000000000401e1f0       0x7c drivers/built-in.o
                0x000000000401e1f0                uclass_bind_device
 .text.uclass_unbind_device
                0x000000000401e26c       0x4c drivers/built-in.o
                0x000000000401e26c                uclass_unbind_device
 .text.uclass_resolve_seq
                0x000000000401e2b8       0xb0 drivers/built-in.o
                0x000000000401e2b8                uclass_resolve_seq
 .text.uclass_pre_probe_device
                0x000000000401e368       0x64 drivers/built-in.o
                0x000000000401e368                uclass_pre_probe_device
 .text.uclass_post_probe_device
                0x000000000401e3cc       0x20 drivers/built-in.o
                0x000000000401e3cc                uclass_post_probe_device
 .text.uclass_pre_remove_device
                0x000000000401e3ec       0x20 drivers/built-in.o
                0x000000000401e3ec                uclass_pre_remove_device
 .text.dm_warn  0x000000000401e40c       0x28 drivers/built-in.o
                0x000000000401e40c                dm_warn
 .text.device_unbind
                0x000000000401e434      0x150 drivers/built-in.o
                0x000000000401e434                device_unbind
 .text.device_free
                0x000000000401e584       0x90 drivers/built-in.o
                0x000000000401e584                device_free
 .text.device_remove
                0x000000000401e614      0x138 drivers/built-in.o
                0x000000000401e614                device_remove
 .text.simple_bus_post_bind
                0x000000000401e74c       0x70 drivers/built-in.o
 .text.show_devices
                0x000000000401e7bc      0x100 drivers/built-in.o
 .text.dm_dump_all
                0x000000000401e8bc       0x3c drivers/built-in.o
                0x000000000401e8bc                dm_dump_all
 .text.dm_dump_uclass
                0x000000000401e8f8       0xec drivers/built-in.o
                0x000000000401e8f8                dm_dump_uclass
 .text.get_desc
                0x000000000401e9e4       0x6c drivers/built-in.o
 .text.blk_driver_lookup_type
                0x000000000401ea50       0x3c drivers/built-in.o
                0x000000000401ea50                blk_driver_lookup_type
 .text.blk_get_devnum_by_type
                0x000000000401ea8c       0x3c drivers/built-in.o
                0x000000000401ea8c                blk_get_devnum_by_type
 .text.blk_dselect_hwpart
                0x000000000401eac8       0x48 drivers/built-in.o
                0x000000000401eac8                blk_dselect_hwpart
 .text.blk_get_devnum_by_typename
                0x000000000401eb10       0x70 drivers/built-in.o
                0x000000000401eb10                blk_get_devnum_by_typename
 .text.blk_select_hwpart_devnum
                0x000000000401eb80       0x48 drivers/built-in.o
                0x000000000401eb80                blk_select_hwpart_devnum
 .text.rsa_mod_exp
                0x000000000401ebc8       0x2c drivers/built-in.o
                0x000000000401ebc8                rsa_mod_exp
 .text.mod_exp_sw
                0x000000000401ebf4       0x14 drivers/built-in.o
                0x000000000401ebf4                mod_exp_sw
 .text.fpga_no_sup
                0x000000000401ec08       0x40 drivers/built-in.o
 .text.fpga_get_desc
                0x000000000401ec48       0x34 drivers/built-in.o
                0x000000000401ec48                fpga_get_desc
 .text.fpga_dev_info
                0x000000000401ec7c       0x9c drivers/built-in.o
 .text.fpga_validate
                0x000000000401ed18       0x58 drivers/built-in.o
                0x000000000401ed18                fpga_validate
 .text.fpga_init
                0x000000000401ed70       0x20 drivers/built-in.o
                0x000000000401ed70                fpga_init
 .text.fpga_count
                0x000000000401ed90       0x10 drivers/built-in.o
                0x000000000401ed90                fpga_count
 .text.fpga_add
                0x000000000401eda0       0xa8 drivers/built-in.o
                0x000000000401eda0                fpga_add
 .text.fpga_loadbitstream
                0x000000000401ee48      0x270 drivers/built-in.o
                0x000000000401ee60                fpga_loadbitstream
 .text.fpga_fsload
                0x000000000401f0b8       0x60 drivers/built-in.o
                0x000000000401f0b8                fpga_fsload
 .text.fpga_load
                0x000000000401f118       0x90 drivers/built-in.o
                0x000000000401f118                fpga_load
 .text.fpga_dump
                0x000000000401f1a8       0x88 drivers/built-in.o
                0x000000000401f1a8                fpga_dump
 .text.fpga_info
                0x000000000401f230       0x70 drivers/built-in.o
                0x000000000401f230                fpga_info
 .text.zynq_info
                0x000000000401f2a0        0x8 drivers/built-in.o
 .text.zynq_dump
                0x000000000401f2a8        0x8 drivers/built-in.o
 .text.load_word
                0x000000000401f2b0       0x48 drivers/built-in.o
 .text.zynq_align_dma_buffer
                0x000000000401f2f8       0xc4 drivers/built-in.o
 .text.zynq_dma_transfer.constprop.4
                0x000000000401f3bc       0x94 drivers/built-in.o
 .text.zynq_validate_bitstream.isra.3
                0x000000000401f450      0x258 drivers/built-in.o
 .text.zynq_loadfs
                0x000000000401f6a8      0x208 drivers/built-in.o
 .text.zynq_load
                0x000000000401f8b0       0xd8 drivers/built-in.o
 .text.xilinx_validate
                0x000000000401f988       0x7c drivers/built-in.o
 .text.xilinx_load
                0x000000000401fa04       0x84 drivers/built-in.o
                0x000000000401fa04                xilinx_load
 .text.xilinx_loadfs
                0x000000000401fa88       0x80 drivers/built-in.o
                0x000000000401fa88                xilinx_loadfs
 .text.xilinx_dump
                0x000000000401fb08       0x78 drivers/built-in.o
                0x000000000401fb08                xilinx_dump
 .text.xilinx_info
                0x000000000401fb80      0x1e8 drivers/built-in.o
                0x000000000401fb80                xilinx_info
 .text.dfu_write_buffer_drain
                0x000000000401fd68       0xa8 drivers/built-in.o
 .text.dfu_free_buf
                0x000000000401fe10       0x20 drivers/built-in.o
                0x000000000401fe10                dfu_free_buf
 .text.dfu_get_buf_size
                0x000000000401fe30       0x10 drivers/built-in.o
                0x000000000401fe30                dfu_get_buf_size
 .text.dfu_get_buf
                0x000000000401fe40       0xb0 drivers/built-in.o
                0x000000000401fe40                dfu_get_buf
 .text.dfu_write_transaction_cleanup
                0x000000000401fef0       0x44 drivers/built-in.o
                0x000000000401fef0                dfu_write_transaction_cleanup
 .text.dfu_flush
                0x000000000401ff34       0x64 drivers/built-in.o