zynq_gem.c:299:12:zynq_gem_setup_mac	16	static
zynq_gem.c:590:13:zynq_gem_halt	8	static
zynq_gem.c:565:12:zynq_gem_free_pkt	8	static
zynq_gem.c:491:12:zynq_gem_send	24	static
zynq_gem.c:367:12:zynq_gem_init	24	static
zynq_gem.c:698:12:zynq_gem_ofdata_to_platdata	24	static
zynq_gem.c:677:12:zynq_gem_remove	8	static
zynq_gem.c:209:12:phy_setup_op.isra.0	8	static
zynq_gem.c:628:12:zynq_gem_miiphy_write	24	static
zynq_gem.c:536:12:zynq_gem_recv	8	static
zynq_gem.c:637:12:zynq_gem_probe	40	static
zynq_gem.c:616:12:zynq_gem_miiphy_read	24	static
zynq_gem.c:599:12:zynq_board_read_rom_ethaddr	0	static
zynq_gem.c:604:12:zynq_gem_read_rom_mac	8	static
